
acer@DESKTOP-EGQ7LN6 MINGW64 ~
$ gir --version
bash: gir: command not found

acer@DESKTOP-EGQ7LN6 MINGW64 ~
$ git --version
git version 2.32.0.windows.1

acer@DESKTOP-EGQ7LN6 MINGW64 ~
$ git help config

acer@DESKTOP-EGQ7LN6 MINGW64 ~
$ mkdir test

acer@DESKTOP-EGQ7LN6 MINGW64 ~
$ cd test

acer@DESKTOP-EGQ7LN6 MINGW64 ~/test
$ git init
Initialized empty Git repository in C:/Users/acer/test/.git/

acer@DESKTOP-EGQ7LN6 MINGW64 ~/test (master)
$ git status
On branch master

No commits yet

Untracked files:
  (use "git add <file>..." to include in what will be committed)
        sample.txt

nothing added to commit but untracked files present (use "git add" to track)

acer@DESKTOP-EGQ7LN6 MINGW64 ~/test (master)
$ git add sample.txt

acer@DESKTOP-EGQ7LN6 MINGW64 ~/test (master)
$ git commit -m "committing text file"
[master (root-commit) 5b7eb02] committing text file
 1 file changed, 1 insertion(+)
 create mode 100644 sample.txt

acer@DESKTOP-EGQ7LN6 MINGW64 ~/test (master)
